../Core/Src/main.c:92:7:HAL_GPIO_EXTI_Callback	16	static
../Core/Src/main.c:100:7:HAL_TIM_PeriodElapsedCallback	16	static
../Core/Src/main.c:125:5:main	16	static
../Core/Src/main.c:251:6:SystemClock_Config	88	static
../Core/Src/main.c:298:13:MX_ADC1_Init	24	static
../Core/Src/main.c:350:13:MX_I2C1_Init	8	static
../Core/Src/main.c:384:13:MX_TIM2_Init	32	static
../Core/Src/main.c:429:13:MX_GPIO_Init	40	static
../Core/Src/main.c:486:6:debouncer	24	static
../Core/Src/main.c:519:6:Error_Handler	4	static,ignoring_inline_asm
